<?xml version="1.0"?>
<link_info>
   <banner>TMS320C2000 Linker PC v16.9.3.LTS</banner>
   <copyright>Copyright (c) 1996-2017 Texas Instruments Incorporated</copyright>
   <link_time>0x597e87bc</link_time>
   <link_errors>0x0</link_errors>
   <output_file>MOTOR_CTRL.out</output_file>
   <entry_point>
      <name>_c_int00</name>
      <address>0x3ed97d</address>
   </entry_point>
   <input_file_list>
      <input_file id="fl-4">
         <path>.\sw\drivers\adc\src\32b\f28x\f2806x\</path>
         <kind>object</kind>
         <file>adc.obj</file>
         <name>adc.obj</name>
      </input_file>
      <input_file id="fl-5">
         <path>.\sw\drivers\cap\src\32b\f28x\f2806x\</path>
         <kind>object</kind>
         <file>cap.obj</file>
         <name>cap.obj</name>
      </input_file>
      <input_file id="fl-6">
         <path>.\sw\drivers\clk\src\32b\f28x\f2806x\</path>
         <kind>object</kind>
         <file>clk.obj</file>
         <name>clk.obj</name>
      </input_file>
      <input_file id="fl-7">
         <path>.\sw\drivers\comp\src\32b\f28x\f2806x\</path>
         <kind>object</kind>
         <file>comp.obj</file>
         <name>comp.obj</name>
      </input_file>
      <input_file id="fl-8">
         <path>.\sw\drivers\cpu\src\32b\f28x\f2806x\</path>
         <kind>object</kind>
         <file>CodeStartBranch.obj</file>
         <name>CodeStartBranch.obj</name>
      </input_file>
      <input_file id="fl-9">
         <path>.\sw\drivers\cpu\src\32b\f28x\f2806x\</path>
         <kind>object</kind>
         <file>cpu.obj</file>
         <name>cpu.obj</name>
      </input_file>
      <input_file id="fl-a">
         <path>.\sw\drivers\flash\src\32b\f28x\f2806x\</path>
         <kind>object</kind>
         <file>flash.obj</file>
         <name>flash.obj</name>
      </input_file>
      <input_file id="fl-b">
         <path>.\sw\drivers\gpio\src\32b\f28x\f2806x\</path>
         <kind>object</kind>
         <file>gpio.obj</file>
         <name>gpio.obj</name>
      </input_file>
      <input_file id="fl-c">
         <path>.\sw\drivers\osc\src\32b\f28x\f2806x\</path>
         <kind>object</kind>
         <file>osc.obj</file>
         <name>osc.obj</name>
      </input_file>
      <input_file id="fl-d">
         <path>.\sw\drivers\pie\src\32b\f28x\f2806x\</path>
         <kind>object</kind>
         <file>pie.obj</file>
         <name>pie.obj</name>
      </input_file>
      <input_file id="fl-e">
         <path>.\sw\drivers\pll\src\32b\f28x\f2806x\</path>
         <kind>object</kind>
         <file>pll.obj</file>
         <name>pll.obj</name>
      </input_file>
      <input_file id="fl-f">
         <path>.\sw\drivers\pwm\src\32b\f28x\f2806x\</path>
         <kind>object</kind>
         <file>pwm.obj</file>
         <name>pwm.obj</name>
      </input_file>
      <input_file id="fl-10">
         <path>.\sw\drivers\pwr\src\32b\f28x\f2806x\</path>
         <kind>object</kind>
         <file>pwr.obj</file>
         <name>pwr.obj</name>
      </input_file>
      <input_file id="fl-11">
         <path>.\sw\drivers\qep\src\32b\f28x\f2806x\</path>
         <kind>object</kind>
         <file>qep.obj</file>
         <name>qep.obj</name>
      </input_file>
      <input_file id="fl-12">
         <path>.\sw\drivers\sci\src\32b\f28x\f2806x\</path>
         <kind>object</kind>
         <file>sci.obj</file>
         <name>sci.obj</name>
      </input_file>
      <input_file id="fl-13">
         <path>.\sw\drivers\spi\src\32b\f28x\f2806x\</path>
         <kind>object</kind>
         <file>spi.obj</file>
         <name>spi.obj</name>
      </input_file>
      <input_file id="fl-14">
         <path>.\sw\drivers\timer\src\32b\f28x\f2806x\</path>
         <kind>object</kind>
         <file>timer.obj</file>
         <name>timer.obj</name>
      </input_file>
      <input_file id="fl-15">
         <path>.\sw\drivers\wdog\src\32b\f28x\f2806x\</path>
         <kind>object</kind>
         <file>wdog.obj</file>
         <name>wdog.obj</name>
      </input_file>
      <input_file id="fl-16">
         <path>.\sw\hal\</path>
         <kind>object</kind>
         <file>hal.obj</file>
         <name>hal.obj</name>
      </input_file>
      <input_file id="fl-17">
         <path>.\sw\hal\</path>
         <kind>object</kind>
         <file>hal_adc.obj</file>
         <name>hal_adc.obj</name>
      </input_file>
      <input_file id="fl-18">
         <path>.\sw\hal\</path>
         <kind>object</kind>
         <file>hal_can.obj</file>
         <name>hal_can.obj</name>
      </input_file>
      <input_file id="fl-19">
         <path>.\sw\hal\</path>
         <kind>object</kind>
         <file>hal_clks.obj</file>
         <name>hal_clks.obj</name>
      </input_file>
      <input_file id="fl-1a">
         <path>.\sw\hal\</path>
         <kind>object</kind>
         <file>hal_flash.obj</file>
         <name>hal_flash.obj</name>
      </input_file>
      <input_file id="fl-1b">
         <path>.\sw\hal\</path>
         <kind>object</kind>
         <file>hal_gpio.obj</file>
         <name>hal_gpio.obj</name>
      </input_file>
      <input_file id="fl-1c">
         <path>.\sw\hal\</path>
         <kind>object</kind>
         <file>hal_i2c.obj</file>
         <name>hal_i2c.obj</name>
      </input_file>
      <input_file id="fl-1d">
         <path>.\sw\hal\</path>
         <kind>object</kind>
         <file>hal_ints.obj</file>
         <name>hal_ints.obj</name>
      </input_file>
      <input_file id="fl-1e">
         <path>.\sw\hal\</path>
         <kind>object</kind>
         <file>hal_pwm.obj</file>
         <name>hal_pwm.obj</name>
      </input_file>
      <input_file id="fl-1f">
         <path>.\sw\hal\</path>
         <kind>object</kind>
         <file>hal_qep.obj</file>
         <name>hal_qep.obj</name>
      </input_file>
      <input_file id="fl-20">
         <path>.\sw\hal\</path>
         <kind>object</kind>
         <file>hal_sci.obj</file>
         <name>hal_sci.obj</name>
      </input_file>
      <input_file id="fl-21">
         <path>.\sw\hal\</path>
         <kind>object</kind>
         <file>hal_spi.obj</file>
         <name>hal_spi.obj</name>
      </input_file>
      <input_file id="fl-22">
         <path>.\sw\hal\</path>
         <kind>object</kind>
         <file>hal_timer.obj</file>
         <name>hal_timer.obj</name>
      </input_file>
      <input_file id="fl-23">
         <path>.\sw\hal\</path>
         <kind>object</kind>
         <file>main.obj</file>
         <name>main.obj</name>
      </input_file>
      <input_file id="fl-24">
         <path>.\sw\modules\dmc\</path>
         <kind>object</kind>
         <file>AngelComp.obj</file>
         <name>AngelComp.obj</name>
      </input_file>
      <input_file id="fl-25">
         <path>.\sw\modules\dmc\</path>
         <kind>object</kind>
         <file>LookupTable.obj</file>
         <name>LookupTable.obj</name>
      </input_file>
      <input_file id="fl-26">
         <path>.\sw\modules\dmc\</path>
         <kind>object</kind>
         <file>PICal.obj</file>
         <name>PICal.obj</name>
      </input_file>
      <input_file id="fl-27">
         <path>.\sw\modules\dmc\</path>
         <kind>object</kind>
         <file>clarke.obj</file>
         <name>clarke.obj</name>
      </input_file>
      <input_file id="fl-28">
         <path>.\sw\modules\dmc\</path>
         <kind>object</kind>
         <file>iclarke.obj</file>
         <name>iclarke.obj</name>
      </input_file>
      <input_file id="fl-29">
         <path>.\sw\modules\dmc\</path>
         <kind>object</kind>
         <file>ipark.obj</file>
         <name>ipark.obj</name>
      </input_file>
      <input_file id="fl-2a">
         <path>.\sw\modules\dmc\</path>
         <kind>object</kind>
         <file>park.obj</file>
         <name>park.obj</name>
      </input_file>
      <input_file id="fl-2b">
         <path>.\sw\modules\dmc\</path>
         <kind>object</kind>
         <file>svpwm.obj</file>
         <name>svpwm.obj</name>
      </input_file>
      <input_file id="fl-2c">
         <path>.\sw\modules\memCopy\src\</path>
         <kind>object</kind>
         <file>memCopy.obj</file>
         <name>memCopy.obj</name>
      </input_file>
      <input_file id="fl-2d">
         <path>.\sw\modules\usDelay\src\32b\f28x\</path>
         <kind>object</kind>
         <file>usDelay.obj</file>
         <name>usDelay.obj</name>
      </input_file>
      <input_file id="fl-2e">
         <path>.\sw\solutions\</path>
         <kind>object</kind>
         <file>Globals.obj</file>
         <name>Globals.obj</name>
      </input_file>
      <input_file id="fl-2f">
         <path>.\sw\solutions\</path>
         <kind>object</kind>
         <file>MainISR.obj</file>
         <name>MainISR.obj</name>
      </input_file>
      <input_file id="fl-30">
         <path>.\sw\solutions\</path>
         <kind>object</kind>
         <file>MainInits.obj</file>
         <name>MainInits.obj</name>
      </input_file>
      <input_file id="fl-31">
         <path>.\sw\solutions\</path>
         <kind>object</kind>
         <file>MainLoop.obj</file>
         <name>MainLoop.obj</name>
      </input_file>
      <input_file id="fl-32">
         <path>.\sw\solutions\funcs\</path>
         <kind>object</kind>
         <file>Faults.obj</file>
         <name>Faults.obj</name>
      </input_file>
      <input_file id="fl-33">
         <path>.\sw\solutions\funcs\</path>
         <kind>object</kind>
         <file>Signals.obj</file>
         <name>Signals.obj</name>
      </input_file>
      <input_file id="fl-3a">
         <kind>object</kind>
         <file>&lt;internal&gt;</file>
         <name>&lt;internal&gt;</name>
      </input_file>
      <input_file id="fl-3b">
         <path>..\sw\modules\FPUfastRTS\V100\lib\</path>
         <kind>archive</kind>
         <file>rts2800_fpu32_fast_supplement.lib</file>
         <name>sqrt_f32.obj</name>
      </input_file>
      <input_file id="fl-3c">
         <path>..\sw\modules\FPUfastRTS\V100\lib\</path>
         <kind>archive</kind>
         <file>rts2800_fpu32_fast_supplement.lib</file>
         <name>sin_f32.obj</name>
      </input_file>
      <input_file id="fl-3d">
         <path>..\sw\modules\FPUfastRTS\V100\lib\</path>
         <kind>archive</kind>
         <file>rts2800_fpu32_fast_supplement.lib</file>
         <name>div_f32.obj</name>
      </input_file>
      <input_file id="fl-3e">
         <path>..\sw\modules\FPUfastRTS\V100\lib\</path>
         <kind>archive</kind>
         <file>rts2800_fpu32_fast_supplement.lib</file>
         <name>cos_f32.obj</name>
      </input_file>
      <input_file id="fl-3f">
         <path>..\sw\modules\FPUfastRTS\V100\lib\</path>
         <kind>archive</kind>
         <file>rts2800_fpu32_fast_supplement.lib</file>
         <name>FPUmathTables.obj</name>
      </input_file>
      <input_file id="fl-4d">
         <path>C:\ti\ccsv7\tools\compiler\ti-cgt-c2000_16.9.3.LTS\lib\</path>
         <kind>archive</kind>
         <file>rts2800_fpu32.lib</file>
         <name>boot28.obj</name>
      </input_file>
      <input_file id="fl-4e">
         <path>C:\ti\ccsv7\tools\compiler\ti-cgt-c2000_16.9.3.LTS\lib\</path>
         <kind>archive</kind>
         <file>rts2800_fpu32.lib</file>
         <name>cpy_tbl.obj</name>
      </input_file>
      <input_file id="fl-4f">
         <path>C:\ti\ccsv7\tools\compiler\ti-cgt-c2000_16.9.3.LTS\lib\</path>
         <kind>archive</kind>
         <file>rts2800_fpu32.lib</file>
         <name>exit.obj</name>
      </input_file>
      <input_file id="fl-50">
         <path>C:\ti\ccsv7\tools\compiler\ti-cgt-c2000_16.9.3.LTS\lib\</path>
         <kind>archive</kind>
         <file>rts2800_fpu32.lib</file>
         <name>memcpy.obj</name>
      </input_file>
      <input_file id="fl-51">
         <path>C:\ti\ccsv7\tools\compiler\ti-cgt-c2000_16.9.3.LTS\lib\</path>
         <kind>archive</kind>
         <file>rts2800_fpu32.lib</file>
         <name>pre_init.obj</name>
      </input_file>
      <input_file id="fl-52">
         <path>C:\ti\ccsv7\tools\compiler\ti-cgt-c2000_16.9.3.LTS\lib\</path>
         <kind>archive</kind>
         <file>rts2800_fpu32.lib</file>
         <name>startup.obj</name>
      </input_file>
      <input_file id="fl-53">
         <path>C:\ti\ccsv7\tools\compiler\ti-cgt-c2000_16.9.3.LTS\lib\</path>
         <kind>archive</kind>
         <file>rts2800_fpu32.lib</file>
         <name>_lock.obj</name>
      </input_file>
      <input_file id="fl-54">
         <path>C:\ti\ccsv7\tools\compiler\ti-cgt-c2000_16.9.3.LTS\lib\</path>
         <kind>archive</kind>
         <file>rts2800_fpu32.lib</file>
         <name>args_main.obj</name>
      </input_file>
   </input_file_list>
   <object_component_list>
      <object_component id="oc-15b">
         <name>.text</name>
         <load_address>0x3e8000</load_address>
         <run_address>0x3e8000</run_address>
         <size>0xef3</size>
         <input_file_ref idref="fl-2e"/>
      </object_component>
      <object_component id="oc-171">
         <name>.text</name>
         <load_address>0x3e8ef3</load_address>
         <run_address>0x3e8ef3</run_address>
         <size>0x66a</size>
         <input_file_ref idref="fl-31"/>
      </object_component>
      <object_component id="oc-167">
         <name>.text</name>
         <load_address>0x3e955d</load_address>
         <run_address>0x3e955d</run_address>
         <size>0x668</size>
         <input_file_ref idref="fl-f"/>
      </object_component>
      <object_component id="oc-175">
         <name>.text</name>
         <load_address>0x3e9bc5</load_address>
         <run_address>0x3e9bc5</run_address>
         <size>0x659</size>
         <input_file_ref idref="fl-32"/>
      </object_component>
      <object_component id="oc-187">
         <name>.text</name>
         <load_address>0x3ea21e</load_address>
         <run_address>0x3ea21e</run_address>
         <size>0x4aa</size>
         <input_file_ref idref="fl-1b"/>
      </object_component>
      <object_component id="oc-174">
         <name>.text</name>
         <load_address>0x3ea6c8</load_address>
         <run_address>0x3ea6c8</run_address>
         <size>0x47e</size>
         <input_file_ref idref="fl-33"/>
      </object_component>
      <object_component id="oc-179">
         <name>.text</name>
         <load_address>0x3eab46</load_address>
         <run_address>0x3eab46</run_address>
         <size>0x459</size>
         <input_file_ref idref="fl-18"/>
      </object_component>
      <object_component id="oc-170">
         <name>.text</name>
         <load_address>0x3eaf9f</load_address>
         <run_address>0x3eaf9f</run_address>
         <size>0x43e</size>
         <input_file_ref idref="fl-17"/>
      </object_component>
      <object_component id="oc-168">
         <name>.text</name>
         <load_address>0x3eb3dd</load_address>
         <run_address>0x3eb3dd</run_address>
         <size>0x31d</size>
         <input_file_ref idref="fl-6"/>
      </object_component>
      <object_component id="oc-16d">
         <name>.text</name>
         <load_address>0x3eb6fa</load_address>
         <run_address>0x3eb6fa</run_address>
         <size>0x313</size>
         <input_file_ref idref="fl-b"/>
      </object_component>
      <object_component id="oc-178">
         <name>.text</name>
         <load_address>0x3eba0d</load_address>
         <run_address>0x3eba0d</run_address>
         <size>0x2e2</size>
         <input_file_ref idref="fl-4"/>
      </object_component>
      <object_component id="oc-176">
         <name>.text</name>
         <load_address>0x3ebcef</load_address>
         <run_address>0x3ebcef</run_address>
         <size>0x2cc</size>
         <input_file_ref idref="fl-1c"/>
      </object_component>
      <object_component id="oc-184">
         <name>.text</name>
         <load_address>0x3ebfbb</load_address>
         <run_address>0x3ebfbb</run_address>
         <size>0x289</size>
         <input_file_ref idref="fl-12"/>
      </object_component>
      <object_component id="oc-158">
         <name>.text</name>
         <load_address>0x3ec244</load_address>
         <run_address>0x3ec244</run_address>
         <size>0x282</size>
         <input_file_ref idref="fl-1e"/>
      </object_component>
      <object_component id="oc-16e">
         <name>.text</name>
         <load_address>0x3ec4c6</load_address>
         <run_address>0x3ec4c6</run_address>
         <size>0x263</size>
         <input_file_ref idref="fl-30"/>
      </object_component>
      <object_component id="oc-15c">
         <name>.text</name>
         <load_address>0x3ec729</load_address>
         <run_address>0x3ec729</run_address>
         <size>0x23d</size>
         <input_file_ref idref="fl-1f"/>
      </object_component>
      <object_component id="oc-17c">
         <name>.text</name>
         <load_address>0x3ec966</load_address>
         <run_address>0x3ec966</run_address>
         <size>0x23a</size>
         <input_file_ref idref="fl-19"/>
      </object_component>
      <object_component id="oc-169">
         <name>.text</name>
         <load_address>0x3ecba0</load_address>
         <run_address>0x3ecba0</run_address>
         <size>0x1e2</size>
         <input_file_ref idref="fl-d"/>
      </object_component>
      <object_component id="oc-181">
         <name>.text</name>
         <load_address>0x3ecd82</load_address>
         <run_address>0x3ecd82</run_address>
         <size>0x1d0</size>
         <input_file_ref idref="fl-13"/>
      </object_component>
      <object_component id="oc-16c">
         <name>.text</name>
         <load_address>0x3ecf52</load_address>
         <run_address>0x3ecf52</run_address>
         <size>0x193</size>
         <input_file_ref idref="fl-16"/>
      </object_component>
      <object_component id="oc-162">
         <name>.text</name>
         <load_address>0x3ed0e5</load_address>
         <run_address>0x3ed0e5</run_address>
         <size>0x184</size>
         <input_file_ref idref="fl-2b"/>
      </object_component>
      <object_component id="oc-18b">
         <name>.text</name>
         <load_address>0x3ed269</load_address>
         <run_address>0x3ed269</run_address>
         <size>0x13d</size>
         <input_file_ref idref="fl-25"/>
      </object_component>
      <object_component id="oc-173">
         <name>.text</name>
         <load_address>0x3ed3a6</load_address>
         <run_address>0x3ed3a6</run_address>
         <size>0x10e</size>
         <input_file_ref idref="fl-2f"/>
      </object_component>
      <object_component id="oc-159">
         <name>.text</name>
         <load_address>0x3ed4b4</load_address>
         <run_address>0x3ed4b4</run_address>
         <size>0x107</size>
         <input_file_ref idref="fl-23"/>
      </object_component>
      <object_component id="oc-180">
         <name>.text</name>
         <load_address>0x3ed5bb</load_address>
         <run_address>0x3ed5bb</run_address>
         <size>0xc0</size>
         <input_file_ref idref="fl-e"/>
      </object_component>
      <object_component id="oc-15e">
         <name>.text</name>
         <load_address>0x3ed67b</load_address>
         <run_address>0x3ed67b</run_address>
         <size>0xb8</size>
         <input_file_ref idref="fl-26"/>
      </object_component>
      <object_component id="oc-185">
         <name>.text</name>
         <load_address>0x3ed733</load_address>
         <run_address>0x3ed733</run_address>
         <size>0x9a</size>
         <input_file_ref idref="fl-22"/>
      </object_component>
      <object_component id="oc-17d">
         <name>.text</name>
         <load_address>0x3ed7cd</load_address>
         <run_address>0x3ed7cd</run_address>
         <size>0x8b</size>
         <input_file_ref idref="fl-15"/>
      </object_component>
      <object_component id="oc-182">
         <name>.text</name>
         <load_address>0x3ed858</load_address>
         <run_address>0x3ed858</run_address>
         <size>0x6f</size>
         <input_file_ref idref="fl-10"/>
      </object_component>
      <object_component id="oc-172">
         <name>.text</name>
         <load_address>0x3ed8c7</load_address>
         <run_address>0x3ed8c7</run_address>
         <size>0x5f</size>
         <input_file_ref idref="fl-14"/>
      </object_component>
      <object_component id="oc-189">
         <name>.text</name>
         <load_address>0x3ed926</load_address>
         <run_address>0x3ed926</run_address>
         <size>0x57</size>
         <input_file_ref idref="fl-20"/>
      </object_component>
      <object_component id="oc-18">
         <name>.text</name>
         <load_address>0x3ed97d</load_address>
         <run_address>0x3ed97d</run_address>
         <size>0x56</size>
         <input_file_ref idref="fl-4d"/>
      </object_component>
      <object_component id="oc-17f">
         <name>.text</name>
         <load_address>0x3ed9d3</load_address>
         <run_address>0x3ed9d3</run_address>
         <size>0x53</size>
         <input_file_ref idref="fl-c"/>
      </object_component>
      <object_component id="oc-17e">
         <name>.text</name>
         <load_address>0x3eda26</load_address>
         <run_address>0x3eda26</run_address>
         <size>0x4f</size>
         <input_file_ref idref="fl-a"/>
      </object_component>
      <object_component id="oc-16a">
         <name>.text</name>
         <load_address>0x3eda75</load_address>
         <run_address>0x3eda75</run_address>
         <size>0x4c</size>
         <input_file_ref idref="fl-9"/>
      </object_component>
      <object_component id="oc-16f">
         <name>.text</name>
         <load_address>0x3edac1</load_address>
         <run_address>0x3edac1</run_address>
         <size>0x45</size>
         <input_file_ref idref="fl-1d"/>
      </object_component>
      <object_component id="oc-160">
         <name>.text</name>
         <load_address>0x3edb06</load_address>
         <run_address>0x3edb06</run_address>
         <size>0x40</size>
         <input_file_ref idref="fl-29"/>
      </object_component>
      <object_component id="oc-188">
         <name>.text</name>
         <load_address>0x3edb46</load_address>
         <run_address>0x3edb46</run_address>
         <size>0x3a</size>
         <input_file_ref idref="fl-21"/>
      </object_component>
      <object_component id="oc-15f">
         <name>.text</name>
         <load_address>0x3edb80</load_address>
         <run_address>0x3edb80</run_address>
         <size>0x36</size>
         <input_file_ref idref="fl-2a"/>
      </object_component>
      <object_component id="oc-123">
         <name>.text</name>
         <load_address>0x3edbb6</load_address>
         <run_address>0x3edbb6</run_address>
         <size>0x34</size>
         <input_file_ref idref="fl-3e"/>
      </object_component>
      <object_component id="oc-11b">
         <name>.text</name>
         <load_address>0x3edbea</load_address>
         <run_address>0x3edbea</run_address>
         <size>0x34</size>
         <input_file_ref idref="fl-3c"/>
      </object_component>
      <object_component id="oc-163">
         <name>.text</name>
         <load_address>0x3edc1e</load_address>
         <run_address>0x3edc1e</run_address>
         <size>0x33</size>
         <input_file_ref idref="fl-24"/>
      </object_component>
      <object_component id="oc-157">
         <name>.text</name>
         <load_address>0x3edc51</load_address>
         <run_address>0x3edc51</run_address>
         <size>0x29</size>
         <input_file_ref idref="fl-4f"/>
      </object_component>
      <object_component id="oc-186">
         <name>.text</name>
         <load_address>0x3edc7a</load_address>
         <run_address>0x3edc7a</run_address>
         <size>0x25</size>
         <input_file_ref idref="fl-1a"/>
      </object_component>
      <object_component id="oc-154">
         <name>.text</name>
         <load_address>0x3edc9f</load_address>
         <run_address>0x3edc9f</run_address>
         <size>0x24</size>
         <input_file_ref idref="fl-4e"/>
      </object_component>
      <object_component id="oc-117">
         <name>.text</name>
         <load_address>0x3edcc3</load_address>
         <run_address>0x3edcc3</run_address>
         <size>0x21</size>
         <input_file_ref idref="fl-3b"/>
      </object_component>
      <object_component id="oc-164">
         <name>.text</name>
         <load_address>0x3edce4</load_address>
         <run_address>0x3edce4</run_address>
         <size>0x1e</size>
         <input_file_ref idref="fl-50"/>
      </object_component>
      <object_component id="oc-161">
         <name>.text</name>
         <load_address>0x3edd02</load_address>
         <run_address>0x3edd02</run_address>
         <size>0x1a</size>
         <input_file_ref idref="fl-27"/>
      </object_component>
      <object_component id="oc-156">
         <name>.text</name>
         <load_address>0x3edd1c</load_address>
         <run_address>0x3edd1c</run_address>
         <size>0x19</size>
         <input_file_ref idref="fl-54"/>
      </object_component>
      <object_component id="oc-11f">
         <name>.text</name>
         <load_address>0x3edd35</load_address>
         <run_address>0x3edd35</run_address>
         <size>0x19</size>
         <input_file_ref idref="fl-3d"/>
      </object_component>
      <object_component id="oc-16b">
         <name>.text</name>
         <load_address>0x3edd4e</load_address>
         <run_address>0x3edd4e</run_address>
         <size>0x13</size>
         <input_file_ref idref="fl-2c"/>
      </object_component>
      <object_component id="oc-183">
         <name>.text</name>
         <load_address>0x3edd61</load_address>
         <run_address>0x3edd61</run_address>
         <size>0xc</size>
         <input_file_ref idref="fl-11"/>
      </object_component>
      <object_component id="oc-49">
         <name>.text:retain</name>
         <load_address>0x3edd6d</load_address>
         <run_address>0x3edd6d</run_address>
         <size>0xa</size>
         <input_file_ref idref="fl-d"/>
      </object_component>
      <object_component id="oc-17a">
         <name>.text</name>
         <load_address>0x3edd77</load_address>
         <run_address>0x3edd77</run_address>
         <size>0x9</size>
         <input_file_ref idref="fl-53"/>
      </object_component>
      <object_component id="oc-2d">
         <name>.text</name>
         <load_address>0x3edd80</load_address>
         <run_address>0x3edd80</run_address>
         <size>0x8</size>
         <input_file_ref idref="fl-8"/>
      </object_component>
      <object_component id="oc-153">
         <name>.text</name>
         <load_address>0x3edd88</load_address>
         <run_address>0x3edd88</run_address>
         <size>0x2</size>
         <input_file_ref idref="fl-51"/>
      </object_component>
      <object_component id="oc-155">
         <name>.text</name>
         <load_address>0x3edd8a</load_address>
         <run_address>0x3edd8a</run_address>
         <size>0x1</size>
         <input_file_ref idref="fl-52"/>
      </object_component>
      <object_component id="oc-f4">
         <name>.cinit</name>
         <load_address>0x3ef955</load_address>
         <run_address>0x3ef955</run_address>
         <size>0x32d</size>
         <input_file_ref idref="fl-2e"/>
      </object_component>
      <object_component id="oc-105">
         <name>.cinit</name>
         <load_address>0x3efc82</load_address>
         <run_address>0x3efc82</run_address>
         <size>0x21</size>
         <input_file_ref idref="fl-31"/>
      </object_component>
      <object_component id="oc-ba">
         <name>.cinit</name>
         <load_address>0x3efca3</load_address>
         <run_address>0x3efca3</run_address>
         <size>0x1d</size>
         <input_file_ref idref="fl-23"/>
      </object_component>
      <object_component id="oc-134">
         <name>.cinit</name>
         <load_address>0x3efcc0</load_address>
         <run_address>0x3efcc0</run_address>
         <size>0xe</size>
         <input_file_ref idref="fl-4f"/>
      </object_component>
      <object_component id="oc-95">
         <name>.cinit</name>
         <load_address>0x3efcce</load_address>
         <run_address>0x3efcce</run_address>
         <size>0xc</size>
         <input_file_ref idref="fl-1c"/>
      </object_component>
      <object_component id="oc-166">
         <name>.cinit:__lock</name>
         <load_address>0x3efcda</load_address>
         <run_address>0x3efcda</run_address>
         <size>0x5</size>
         <input_file_ref idref="fl-53"/>
      </object_component>
      <object_component id="oc-17b">
         <name>.cinit:__unlock</name>
         <load_address>0x3efcdf</load_address>
         <run_address>0x3efcdf</run_address>
         <size>0x5</size>
         <input_file_ref idref="fl-53"/>
      </object_component>
      <object_component id="oc-111">
         <name>.cinit</name>
         <load_address>0x3efce4</load_address>
         <run_address>0x3efce4</run_address>
         <size>0x4</size>
         <input_file_ref idref="fl-33"/>
      </object_component>
      <object_component id="oc-18a">
         <name>.econst:_Torq_Tab</name>
         <load_address>0x3edd8c</load_address>
         <run_address>0x3edd8c</run_address>
         <size>0x1452</size>
         <input_file_ref idref="fl-2e"/>
      </object_component>
      <object_component id="oc-177">
         <name>.econst:_UserConst</name>
         <load_address>0x3ef1de</load_address>
         <run_address>0x3ef1de</run_address>
         <size>0x243</size>
         <input_file_ref idref="fl-2e"/>
      </object_component>
      <object_component id="oc-18c">
         <name>.econst:_MTPA_Tab</name>
         <load_address>0x3ef422</load_address>
         <run_address>0x3ef422</run_address>
         <size>0x66</size>
         <input_file_ref idref="fl-2e"/>
      </object_component>
      <object_component id="oc-18d">
         <name>.econst:_MTPV_Tab</name>
         <load_address>0x3ef488</load_address>
         <run_address>0x3ef488</run_address>
         <size>0x66</size>
         <input_file_ref idref="fl-2e"/>
      </object_component>
      <object_component id="oc-129">
         <name>.reset</name>
         <load_address>0x3fffc0</load_address>
         <run_address>0x3fffc0</run_address>
         <size>0x2</size>
         <input_file_ref idref="fl-4d"/>
      </object_component>
      <object_component id="oc-34">
         <name>.ebss</name>
         <uninitialized>true</uninitialized>
         <run_address>0xa4f4</run_address>
         <size>0x1</size>
         <input_file_ref idref="fl-9"/>
      </object_component>
      <object_component id="oc-96">
         <name>.ebss</name>
         <uninitialized>true</uninitialized>
         <run_address>0xa4ec</run_address>
         <size>0x3</size>
         <input_file_ref idref="fl-1c"/>
      </object_component>
      <object_component id="oc-bb">
         <name>.ebss</name>
         <uninitialized>true</uninitialized>
         <run_address>0xa500</run_address>
         <size>0x70</size>
         <input_file_ref idref="fl-23"/>
      </object_component>
      <object_component id="oc-f5">
         <name>.ebss</name>
         <uninitialized>true</uninitialized>
         <run_address>0xa000</run_address>
         <size>0x4dc</size>
         <input_file_ref idref="fl-2e"/>
      </object_component>
      <object_component id="oc-106">
         <name>.ebss</name>
         <uninitialized>true</uninitialized>
         <run_address>0xa4dc</run_address>
         <size>0xa</size>
         <input_file_ref idref="fl-31"/>
      </object_component>
      <object_component id="oc-112">
         <name>.ebss</name>
         <uninitialized>true</uninitialized>
         <run_address>0xa4ef</run_address>
         <size>0x1</size>
         <input_file_ref idref="fl-33"/>
      </object_component>
      <object_component id="oc-135">
         <name>.ebss</name>
         <uninitialized>true</uninitialized>
         <run_address>0xa4e6</run_address>
         <size>0x6</size>
         <input_file_ref idref="fl-4f"/>
      </object_component>
      <object_component id="oc-18e">
         <name>.ebss:__unlock</name>
         <uninitialized>true</uninitialized>
         <run_address>0xa4f2</run_address>
         <size>0x2</size>
         <input_file_ref idref="fl-53"/>
      </object_component>
      <object_component id="oc-165">
         <name>.ebss:__lock</name>
         <uninitialized>true</uninitialized>
         <run_address>0xa4f0</run_address>
         <size>0x2</size>
         <input_file_ref idref="fl-53"/>
      </object_component>
      <object_component id="oc-128">
         <name>.stack</name>
         <uninitialized>true</uninitialized>
         <run_address>0xa570</run_address>
         <size>0x0</size>
         <input_file_ref idref="fl-4d"/>
      </object_component>
      <object_component id="oc-1b3">
         <name>.stack</name>
         <uninitialized>true</uninitialized>
         <run_address>0xa570</run_address>
         <size>0x0</size>
      </object_component>
      <object_component id="oc-2e">
         <name>codestart</name>
         <load_address>0x3f7ff6</load_address>
         <run_address>0x3f7ff6</run_address>
         <size>0x2</size>
         <input_file_ref idref="fl-8"/>
      </object_component>
      <object_component id="oc-15a">
         <name>ramfuncs</name>
         <load_address>0x3ef4ee</load_address>
         <run_address>0x8000</run_address>
         <size>0x336</size>
         <input_file_ref idref="fl-2f"/>
      </object_component>
      <object_component id="oc-18f">
         <name>ramfuncs</name>
         <load_address>0x3ef824</load_address>
         <run_address>0x8336</run_address>
         <size>0x6a</size>
         <input_file_ref idref="fl-a"/>
      </object_component>
      <object_component id="oc-15d">
         <name>ramfuncs</name>
         <load_address>0x3ef88e</load_address>
         <run_address>0x83a0</run_address>
         <size>0x68</size>
         <input_file_ref idref="fl-1f"/>
      </object_component>
      <object_component id="oc-bc">
         <name>ramfuncs:retain</name>
         <load_address>0x3ef8f6</load_address>
         <run_address>0x8408</run_address>
         <size>0x5b</size>
         <input_file_ref idref="fl-23"/>
      </object_component>
      <object_component id="oc-ee">
         <name>ramfuncs</name>
         <load_address>0x3ef951</load_address>
         <run_address>0x8463</run_address>
         <size>0x4</size>
         <input_file_ref idref="fl-2d"/>
      </object_component>
      <object_component id="oc-127">
         <name>FPUmathTables</name>
         <load_address>0x3fd860</load_address>
         <run_address>0x3fd860</run_address>
         <size>0x6a0</size>
         <input_file_ref idref="fl-3f"/>
      </object_component>
      <object_component id="oc-19">
         <name>.debug_info</name>
         <load_address>0x0</load_address>
         <run_address>0x0</run_address>
         <size>0x4038</size>
         <input_file_ref idref="fl-4"/>
      </object_component>
      <object_component id="oc-1e">
         <name>.debug_info</name>
         <load_address>0x4038</load_address>
         <run_address>0x4038</run_address>
         <size>0x7e7</size>
         <input_file_ref idref="fl-5"/>
      </object_component>
      <object_component id="oc-23">
         <name>.debug_info</name>
         <load_address>0x481f</load_address>
         <run_address>0x481f</run_address>
         <size>0x4348</size>
         <input_file_ref idref="fl-6"/>
      </object_component>
      <object_component id="oc-28">
         <name>.debug_info</name>
         <load_address>0x8b67</load_address>
         <run_address>0x8b67</run_address>
         <size>0x5d1</size>
         <input_file_ref idref="fl-7"/>
      </object_component>
      <object_component id="oc-2f">
         <name>.debug_info</name>
         <load_address>0x9138</load_address>
         <run_address>0x9138</run_address>
         <size>0x163</size>
         <input_file_ref idref="fl-8"/>
      </object_component>
      <object_component id="oc-33">
         <name>.debug_info</name>
         <load_address>0x929b</load_address>
         <run_address>0x929b</run_address>
         <size>0xf0d</size>
         <input_file_ref idref="fl-9"/>
      </object_component>
      <object_component id="oc-39">
         <name>.debug_info</name>
         <load_address>0xa1a8</load_address>
         <run_address>0xa1a8</run_address>
         <size>0x1dea</size>
         <input_file_ref idref="fl-a"/>
      </object_component>
      <object_component id="oc-3e">
         <name>.debug_info</name>
         <load_address>0xbf92</load_address>
         <run_address>0xbf92</run_address>
         <size>0x384f</size>
         <input_file_ref idref="fl-b"/>
      </object_component>
      <object_component id="oc-43">
         <name>.debug_info</name>
         <load_address>0xf7e1</load_address>
         <run_address>0xf7e1</run_address>
         <size>0x991</size>
         <input_file_ref idref="fl-c"/>
      </object_component>
      <object_component id="oc-48">
         <name>.debug_info</name>
         <load_address>0x10172</load_address>
         <run_address>0x10172</run_address>
         <size>0x4307</size>
         <input_file_ref idref="fl-d"/>
      </object_component>
      <object_component id="oc-4e">
         <name>.debug_info</name>
         <load_address>0x14479</load_address>
         <run_address>0x14479</run_address>
         <size>0x1757</size>
         <input_file_ref idref="fl-e"/>
      </object_component>
      <object_component id="oc-53">
         <name>.debug_info</name>
         <load_address>0x15bd0</load_address>
         <run_address>0x15bd0</run_address>
         <size>0x9d4d</size>
         <input_file_ref idref="fl-f"/>
      </object_component>
      <object_component id="oc-58">
         <name>.debug_info</name>
         <load_address>0x1f91d</load_address>
         <run_address>0x1f91d</run_address>
         <size>0x1264</size>
         <input_file_ref idref="fl-10"/>
      </object_component>
      <object_component id="oc-5d">
         <name>.debug_info</name>
         <load_address>0x20b81</load_address>
         <run_address>0x20b81</run_address>
         <size>0x71f</size>
         <input_file_ref idref="fl-11"/>
      </object_component>
      <object_component id="oc-62">
         <name>.debug_info</name>
         <load_address>0x212a0</load_address>
         <run_address>0x212a0</run_address>
         <size>0x3f9b</size>
         <input_file_ref idref="fl-12"/>
      </object_component>
      <object_component id="oc-67">
         <name>.debug_info</name>
         <load_address>0x2523b</load_address>
         <run_address>0x2523b</run_address>
         <size>0x3415</size>
         <input_file_ref idref="fl-13"/>
      </object_component>
      <object_component id="oc-6c">
         <name>.debug_info</name>
         <load_address>0x28650</load_address>
         <run_address>0x28650</run_address>
         <size>0xde2</size>
         <input_file_ref idref="fl-14"/>
      </object_component>
      <object_component id="oc-71">
         <name>.debug_info</name>
         <load_address>0x29432</load_address>
         <run_address>0x29432</run_address>
         <size>0x10f6</size>
         <input_file_ref idref="fl-15"/>
      </object_component>
      <object_component id="oc-76">
         <name>.debug_info</name>
         <load_address>0x2a528</load_address>
         <run_address>0x2a528</run_address>
         <size>0x9385</size>
         <input_file_ref idref="fl-16"/>
      </object_component>
      <object_component id="oc-7b">
         <name>.debug_info</name>
         <load_address>0x338ad</load_address>
         <run_address>0x338ad</run_address>
         <size>0xb4b7</size>
         <input_file_ref idref="fl-17"/>
      </object_component>
      <object_component id="oc-80">
         <name>.debug_info</name>
         <load_address>0x3ed64</load_address>
         <run_address>0x3ed64</run_address>
         <size>0x5a4b</size>
         <input_file_ref idref="fl-18"/>
      </object_component>
      <object_component id="oc-85">
         <name>.debug_info</name>
         <load_address>0x447af</load_address>
         <run_address>0x447af</run_address>
         <size>0xb6ce</size>
         <input_file_ref idref="fl-19"/>
      </object_component>
      <object_component id="oc-8a">
         <name>.debug_info</name>
         <load_address>0x4fe7d</load_address>
         <run_address>0x4fe7d</run_address>
         <size>0x8cd2</size>
         <input_file_ref idref="fl-1a"/>
      </object_component>
      <object_component id="oc-8f">
         <name>.debug_info</name>
         <load_address>0x58b4f</load_address>
         <run_address>0x58b4f</run_address>
         <size>0xac3e</size>
         <input_file_ref idref="fl-1b"/>
      </object_component>
      <object_component id="oc-94">
         <name>.debug_info</name>
         <load_address>0x6378d</load_address>
         <run_address>0x6378d</run_address>
         <size>0x3734</size>
         <input_file_ref idref="fl-1c"/>
      </object_component>
      <object_component id="oc-9b">
         <name>.debug_info</name>
         <load_address>0x66ec1</load_address>
         <run_address>0x66ec1</run_address>
         <size>0x891b</size>
         <input_file_ref idref="fl-1d"/>
      </object_component>
      <object_component id="oc-a0">
         <name>.debug_info</name>
         <load_address>0x6f7dc</load_address>
         <run_address>0x6f7dc</run_address>
         <size>0xaa16</size>
         <input_file_ref idref="fl-1e"/>
      </object_component>
      <object_component id="oc-a5">
         <name>.debug_info</name>
         <load_address>0x7a1f2</load_address>
         <run_address>0x7a1f2</run_address>
         <size>0x39d6</size>
         <input_file_ref idref="fl-1f"/>
      </object_component>
      <object_component id="oc-aa">
         <name>.debug_info</name>
         <load_address>0x7dbc8</load_address>
         <run_address>0x7dbc8</run_address>
         <size>0x1099</size>
         <input_file_ref idref="fl-20"/>
      </object_component>
      <object_component id="oc-af">
         <name>.debug_info</name>
         <load_address>0x7ec61</load_address>
         <run_address>0x7ec61</run_address>
         <size>0xdd6</size>
         <input_file_ref idref="fl-21"/>
      </object_component>
      <object_component id="oc-b4">
         <name>.debug_info</name>
         <load_address>0x7fa37</load_address>
         <run_address>0x7fa37</run_address>
         <size>0x8cf7</size>
         <input_file_ref idref="fl-22"/>
      </object_component>
      <object_component id="oc-b9">
         <name>.debug_info</name>
         <load_address>0x8872e</load_address>
         <run_address>0x8872e</run_address>
         <size>0x9ad5</size>
         <input_file_ref idref="fl-23"/>
      </object_component>
      <object_component id="oc-c1">
         <name>.debug_info</name>
         <load_address>0x92203</load_address>
         <run_address>0x92203</run_address>
         <size>0x4cb</size>
         <input_file_ref idref="fl-24"/>
      </object_component>
      <object_component id="oc-c6">
         <name>.debug_info</name>
         <load_address>0x926ce</load_address>
         <run_address>0x926ce</run_address>
         <size>0x7c1</size>
         <input_file_ref idref="fl-25"/>
      </object_component>
      <object_component id="oc-cb">
         <name>.debug_info</name>
         <load_address>0x92e8f</load_address>
         <run_address>0x92e8f</run_address>
         <size>0x58d</size>
         <input_file_ref idref="fl-26"/>
      </object_component>
      <object_component id="oc-d0">
         <name>.debug_info</name>
         <load_address>0x9341c</load_address>
         <run_address>0x9341c</run_address>
         <size>0x459</size>
         <input_file_ref idref="fl-27"/>
      </object_component>
      <object_component id="oc-d5">
         <name>.debug_info</name>
         <load_address>0x93875</load_address>
         <run_address>0x93875</run_address>
         <size>0x3df</size>
         <input_file_ref idref="fl-28"/>
      </object_component>
      <object_component id="oc-da">
         <name>.debug_info</name>
         <load_address>0x93c54</load_address>
         <run_address>0x93c54</run_address>
         <size>0x4c9</size>
         <input_file_ref idref="fl-29"/>
      </object_component>
      <object_component id="oc-df">
         <name>.debug_info</name>
         <load_address>0x9411d</load_address>
         <run_address>0x9411d</run_address>
         <size>0x4d7</size>
         <input_file_ref idref="fl-2a"/>
      </object_component>
      <object_component id="oc-e4">
         <name>.debug_info</name>
         <load_address>0x945f4</load_address>
         <run_address>0x945f4</run_address>
         <size>0x563</size>
         <input_file_ref idref="fl-2b"/>
      </object_component>
      <object_component id="oc-e9">
         <name>.debug_info</name>
         <load_address>0x94b57</load_address>
         <run_address>0x94b57</run_address>
         <size>0x47f</size>
         <input_file_ref idref="fl-2c"/>
      </object_component>
      <object_component id="oc-ef">
         <name>.debug_info</name>
         <load_address>0x94fd6</load_address>
         <run_address>0x94fd6</run_address>
         <size>0x10b</size>
         <input_file_ref idref="fl-2d"/>
      </object_component>
      <object_component id="oc-f3">
         <name>.debug_info</name>
         <load_address>0x950e1</load_address>
         <run_address>0x950e1</run_address>
         <size>0xeff6</size>
         <input_file_ref idref="fl-2e"/>
      </object_component>
      <object_component id="oc-fa">
         <name>.debug_info</name>
         <load_address>0xa40d7</load_address>
         <run_address>0xa40d7</run_address>
         <size>0xc73a</size>
         <input_file_ref idref="fl-2f"/>
      </object_component>
      <object_component id="oc-ff">
         <name>.debug_info</name>
         <load_address>0xb0811</load_address>
         <run_address>0xb0811</run_address>
         <size>0xc4ed</size>
         <input_file_ref idref="fl-30"/>
      </object_component>
      <object_component id="oc-104">
         <name>.debug_info</name>
         <load_address>0xbccfe</load_address>
         <run_address>0xbccfe</run_address>
         <size>0xdafc</size>
         <input_file_ref idref="fl-31"/>
      </object_component>
      <object_component id="oc-10b">
         <name>.debug_info</name>
         <load_address>0xca7fa</load_address>
         <run_address>0xca7fa</run_address>
         <size>0xdb40</size>
         <input_file_ref idref="fl-32"/>
      </object_component>
      <object_component id="oc-110">
         <name>.debug_info</name>
         <load_address>0xd833a</load_address>
         <run_address>0xd833a</run_address>
         <size>0xca1a</size>
         <input_file_ref idref="fl-33"/>
      </object_component>
      <object_component id="oc-118">
         <name>.debug_info</name>
         <load_address>0xe4d54</load_address>
         <run_address>0xe4d54</run_address>
         <size>0x144</size>
         <input_file_ref idref="fl-3b"/>
      </object_component>
      <object_component id="oc-11c">
         <name>.debug_info</name>
         <load_address>0xe4e98</load_address>
         <run_address>0xe4e98</run_address>
         <size>0x142</size>
         <input_file_ref idref="fl-3c"/>
      </object_component>
      <object_component id="oc-120">
         <name>.debug_info</name>
         <load_address>0xe4fda</load_address>
         <run_address>0xe4fda</run_address>
         <size>0x142</size>
         <input_file_ref idref="fl-3d"/>
      </object_component>
      <object_component id="oc-124">
         <name>.debug_info</name>
         <load_address>0xe511c</load_address>
         <run_address>0xe511c</run_address>
         <size>0x142</size>
         <input_file_ref idref="fl-3e"/>
      </object_component>
      <object_component id="oc-12a">
         <name>.debug_info</name>
         <load_address>0xe525e</load_address>
         <run_address>0xe525e</run_address>
         <size>0x16b</size>
         <input_file_ref idref="fl-4d"/>
      </object_component>
      <object_component id="oc-12e">
         <name>.debug_info</name>
         <load_address>0xe53c9</load_address>
         <run_address>0xe53c9</run_address>
         <size>0x5c1</size>
         <input_file_ref idref="fl-4e"/>
      </object_component>
      <object_component id="oc-133">
         <name>.debug_info</name>
         <load_address>0xe598a</load_address>
         <run_address>0xe598a</run_address>
         <size>0x5ab</size>
         <input_file_ref idref="fl-4f"/>
      </object_component>
      <object_component id="oc-13a">
         <name>.debug_info</name>
         <load_address>0xe5f35</load_address>
         <run_address>0xe5f35</run_address>
         <size>0x46f</size>
         <input_file_ref idref="fl-50"/>
      </object_component>
      <object_component id="oc-13f">
         <name>.debug_info</name>
         <load_address>0xe63a4</load_address>
         <run_address>0xe63a4</run_address>
         <size>0x3e2</size>
         <input_file_ref idref="fl-51"/>
      </object_component>
      <object_component id="oc-144">
         <name>.debug_info</name>
         <load_address>0xe6786</load_address>
         <run_address>0xe6786</run_address>
         <size>0x3df</size>
         <input_file_ref idref="fl-52"/>
      </object_component>
      <object_component id="oc-149">
         <name>.debug_info</name>
         <load_address>0xe6b65</load_address>
         <run_address>0xe6b65</run_address>
         <size>0x501</size>
         <input_file_ref idref="fl-53"/>
      </object_component>
      <object_component id="oc-14e">
         <name>.debug_info</name>
         <load_address>0xe7066</load_address>
         <run_address>0xe7066</run_address>
         <size>0x4ce</size>
         <input_file_ref idref="fl-54"/>
      </object_component>
      <object_component id="oc-1b4">
         <name>.debug_info</name>
         <load_address>0xe7534</load_address>
         <run_address>0xe7534</run_address>
         <size>0x96</size>
      </object_component>
      <object_component id="oc-1a">
         <name>.debug_frame</name>
         <load_address>0x0</load_address>
         <run_address>0x0</run_address>
         <size>0x38f</size>
         <input_file_ref idref="fl-4"/>
      </object_component>
      <object_component id="oc-1f">
         <name>.debug_frame</name>
         <load_address>0x38f</load_address>
         <run_address>0x38f</run_address>
         <size>0x2e</size>
         <input_file_ref idref="fl-5"/>
      </object_component>
      <object_component id="oc-24">
         <name>.debug_frame</name>
         <load_address>0x3bd</load_address>
         <run_address>0x3bd</run_address>
         <size>0x667</size>
         <input_file_ref idref="fl-6"/>
      </object_component>
      <object_component id="oc-29">
         <name>.debug_frame</name>
         <load_address>0xa24</load_address>
         <run_address>0xa24</run_address>
         <size>0x2e</size>
         <input_file_ref idref="fl-7"/>
      </object_component>
      <object_component id="oc-35">
         <name>.debug_frame</name>
         <load_address>0xa52</load_address>
         <run_address>0xa52</run_address>
         <size>0x157</size>
         <input_file_ref idref="fl-9"/>
      </object_component>
      <object_component id="oc-3a">
         <name>.debug_frame</name>
         <load_address>0xba9</load_address>
         <run_address>0xba9</run_address>
         <size>0x1de</size>
         <input_file_ref idref="fl-a"/>
      </object_component>
      <object_component id="oc-3f">
         <name>.debug_frame</name>
         <load_address>0xd87</load_address>
         <run_address>0xd87</run_address>
         <size>0x1c6</size>
         <input_file_ref idref="fl-b"/>
      </object_component>
      <object_component id="oc-44">
         <name>.debug_frame</name>
         <load_address>0xf4d</load_address>
         <run_address>0xf4d</run_address>
         <size>0x9a</size>
         <input_file_ref idref="fl-c"/>
      </object_component>
      <object_component id="oc-4a">
         <name>.debug_frame</name>
         <load_address>0xfe7</load_address>
         <run_address>0xfe7</run_address>
         <size>0x311</size>
         <input_file_ref idref="fl-d"/>
      </object_component>
      <object_component id="oc-4f">
         <name>.debug_frame</name>
         <load_address>0x12f8</load_address>
         <run_address>0x12f8</run_address>
         <size>0x1f9</size>
         <input_file_ref idref="fl-e"/>
      </object_component>
      <object_component id="oc-54">
         <name>.debug_frame</name>
         <load_address>0x14f1</load_address>
         <run_address>0x14f1</run_address>
         <size>0xb77</size>
         <input_file_ref idref="fl-f"/>
      </object_component>
      <object_component id="oc-59">
         <name>.debug_frame</name>
         <load_address>0x2068</load_address>
         <run_address>0x2068</run_address>
         <size>0xeb</size>
         <input_file_ref idref="fl-10"/>
      </object_component>
      <object_component id="oc-5e">
         <name>.debug_frame</name>
         <load_address>0x2153</load_address>
         <run_address>0x2153</run_address>
         <size>0x49</size>
         <input_file_ref idref="fl-11"/>
      </object_component>
      <object_component id="oc-63">
         <name>.debug_frame</name>
         <load_address>0x219c</load_address>
         <run_address>0x219c</run_address>
         <size>0x631</size>
         <input_file_ref idref="fl-12"/>
      </object_component>
      <object_component id="oc-68">
         <name>.debug_frame</name>
         <load_address>0x27cd</load_address>
         <run_address>0x27cd</run_address>
         <size>0x49c</size>
         <input_file_ref idref="fl-13"/>
      </object_component>
      <object_component id="oc-6d">
         <name>.debug_frame</name>
         <load_address>0x2c69</load_address>
         <run_address>0x2c69</run_address>
         <size>0x106</size>
         <input_file_ref idref="fl-14"/>
      </object_component>
      <object_component id="oc-72">
         <name>.debug_frame</name>
         <load_address>0x2d6f</load_address>
         <run_address>0x2d6f</run_address>
         <size>0x157</size>
         <input_file_ref idref="fl-15"/>
      </object_component>
      <object_component id="oc-77">
         <name>.debug_frame</name>
         <load_address>0x2ec6</load_address>
         <run_address>0x2ec6</run_address>
         <size>0x96</size>
         <input_file_ref idref="fl-16"/>
      </object_component>
      <object_component id="oc-7c">
         <name>.debug_frame</name>
         <load_address>0x2f5c</load_address>
         <run_address>0x2f5c</run_address>
         <size>0x10b</size>
         <input_file_ref idref="fl-17"/>
      </object_component>
      <object_component id="oc-81">
         <name>.debug_frame</name>
         <load_address>0x3067</load_address>
         <run_address>0x3067</run_address>
         <size>0xd5</size>
         <input_file_ref idref="fl-18"/>
      </object_component>
      <object_component id="oc-86">
         <name>.debug_frame</name>
         <load_address>0x313c</load_address>
         <run_address>0x313c</run_address>
         <size>0x16e</size>
         <input_file_ref idref="fl-19"/>
      </object_component>
      <object_component id="oc-8b">
         <name>.debug_frame</name>
         <load_address>0x32aa</load_address>
         <run_address>0x32aa</run_address>
         <size>0x49</size>
         <input_file_ref idref="fl-1a"/>
      </object_component>
      <object_component id="oc-90">
         <name>.debug_frame</name>
         <load_address>0x32f3</load_address>
         <run_address>0x32f3</run_address>
         <size>0x4b</size>
         <input_file_ref idref="fl-1b"/>
      </object_component>
      <object_component id="oc-97">
         <name>.debug_frame</name>
         <load_address>0x333e</load_address>
         <run_address>0x333e</run_address>
         <size>0x124</size>
         <input_file_ref idref="fl-1c"/>
      </object_component>
      <object_component id="oc-9c">
         <name>.debug_frame</name>
         <load_address>0x3462</load_address>
         <run_address>0x3462</run_address>
         <size>0x9a</size>
         <input_file_ref idref="fl-1d"/>
      </object_component>
      <object_component id="oc-a1">
         <name>.debug_frame</name>
         <load_address>0x34fc</load_address>
         <run_address>0x34fc</run_address>
         <size>0x109</size>
         <input_file_ref idref="fl-1e"/>
      </object_component>
      <object_component id="oc-a6">
         <name>.debug_frame</name>
         <load_address>0x3605</load_address>
         <run_address>0x3605</run_address>
         <size>0x3c6</size>
         <input_file_ref idref="fl-1f"/>
      </object_component>
      <object_component id="oc-ab">
         <name>.debug_frame</name>
         <load_address>0x39cb</load_address>
         <run_address>0x39cb</run_address>
         <size>0x4a</size>
         <input_file_ref idref="fl-20"/>
      </object_component>
      <object_component id="oc-b0">
         <name>.debug_frame</name>
         <load_address>0x3a15</load_address>
         <run_address>0x3a15</run_address>
         <size>0x49</size>
         <input_file_ref idref="fl-21"/>
      </object_component>
      <object_component id="oc-b5">
         <name>.debug_frame</name>
         <load_address>0x3a5e</load_address>
         <run_address>0x3a5e</run_address>
         <size>0x9b</size>
         <input_file_ref idref="fl-22"/>
      </object_component>
      <object_component id="oc-bd">
         <name>.debug_frame</name>
         <load_address>0x3af9</load_address>
         <run_address>0x3af9</run_address>
         <size>0x188</size>
         <input_file_ref idref="fl-23"/>
      </object_component>
      <object_component id="oc-c2">
         <name>.debug_frame</name>
         <load_address>0x3c81</load_address>
         <run_address>0x3c81</run_address>
         <size>0x49</size>
         <input_file_ref idref="fl-24"/>
      </object_component>
      <object_component id="oc-c7">
         <name>.debug_frame</name>
         <load_address>0x3cca</load_address>
         <run_address>0x3cca</run_address>
         <size>0x81</size>
         <input_file_ref idref="fl-25"/>
      </object_component>
      <object_component id="oc-cc">
         <name>.debug_frame</name>
         <load_address>0x3d4b</load_address>
         <run_address>0x3d4b</run_address>
         <size>0x65</size>
         <input_file_ref idref="fl-26"/>
      </object_component>
      <object_component id="oc-d1">
         <name>.debug_frame</name>
         <load_address>0x3db0</load_address>
         <run_address>0x3db0</run_address>
         <size>0x49</size>
         <input_file_ref idref="fl-27"/>
      </object_component>
      <object_component id="oc-d6">
         <name>.debug_frame</name>
         <load_address>0x3df9</load_address>
         <run_address>0x3df9</run_address>
         <size>0x2e</size>
         <input_file_ref idref="fl-28"/>
      </object_component>
      <object_component id="oc-db">
         <name>.debug_frame</name>
         <load_address>0x3e27</load_address>
         <run_address>0x3e27</run_address>
         <size>0x49</size>
         <input_file_ref idref="fl-29"/>
      </object_component>
      <object_component id="oc-e0">
         <name>.debug_frame</name>
         <load_address>0x3e70</load_address>
         <run_address>0x3e70</run_address>
         <size>0x49</size>
         <input_file_ref idref="fl-2a"/>
      </object_component>
      <object_component id="oc-e5">
         <name>.debug_frame</name>
         <load_address>0x3eb9</load_address>
         <run_address>0x3eb9</run_address>
         <size>0x4b</size>
         <input_file_ref idref="fl-2b"/>
      </object_component>
      <object_component id="oc-ea">
         <name>.debug_frame</name>
         <load_address>0x3f04</load_address>
         <run_address>0x3f04</run_address>
         <size>0x49</size>
         <input_file_ref idref="fl-2c"/>
      </object_component>
      <object_component id="oc-f6">
         <name>.debug_frame</name>
         <load_address>0x3f4d</load_address>
         <run_address>0x3f4d</run_address>
         <size>0x25d</size>
         <input_file_ref idref="fl-2e"/>
      </object_component>
      <object_component id="oc-fb">
         <name>.debug_frame</name>
         <load_address>0x41aa</load_address>
         <run_address>0x41aa</run_address>
         <size>0xcd</size>
         <input_file_ref idref="fl-2f"/>
      </object_component>
      <object_component id="oc-100">
         <name>.debug_frame</name>
         <load_address>0x4277</load_address>
         <run_address>0x4277</run_address>
         <size>0x4b</size>
         <input_file_ref idref="fl-30"/>
      </object_component>
      <object_component id="oc-107">
         <name>.debug_frame</name>
         <load_address>0x42c2</load_address>
         <run_address>0x42c2</run_address>
         <size>0x118</size>
         <input_file_ref idref="fl-31"/>
      </object_component>
      <object_component id="oc-10c">
         <name>.debug_frame</name>
         <load_address>0x43da</load_address>
         <run_address>0x43da</run_address>
         <size>0x29e</size>
         <input_file_ref idref="fl-32"/>
      </object_component>
      <object_component id="oc-113">
         <name>.debug_frame</name>
         <load_address>0x4678</load_address>
         <run_address>0x4678</run_address>
         <size>0x11f</size>
         <input_file_ref idref="fl-33"/>
      </object_component>
      <object_component id="oc-12f">
         <name>.debug_frame</name>
         <load_address>0x4797</load_address>
         <run_address>0x4797</run_address>
         <size>0x64</size>
         <input_file_ref idref="fl-4e"/>
      </object_component>
      <object_component id="oc-136">
         <name>.debug_frame</name>
         <load_address>0x47fb</load_address>
         <run_address>0x47fb</run_address>
         <size>0x61</size>
         <input_file_ref idref="fl-4f"/>
      </object_component>
      <object_component id="oc-13b">
         <name>.debug_frame</name>
         <load_address>0x485c</load_address>
         <run_address>0x485c</run_address>
         <size>0x43</size>
         <input_file_ref idref="fl-50"/>
      </object_component>
      <object_component id="oc-140">
         <name>.debug_frame</name>
         <load_address>0x489f</load_address>
         <run_address>0x489f</run_address>
         <size>0x43</size>
         <input_file_ref idref="fl-51"/>
      </object_component>
      <object_component id="oc-145">
         <name>.debug_frame</name>
         <load_address>0x48e2</load_address>
         <run_address>0x48e2</run_address>
         <size>0x43</size>
         <input_file_ref idref="fl-52"/>
      </object_component>
      <object_component id="oc-14a">
         <name>.debug_frame</name>
         <load_address>0x4925</load_address>
         <run_address>0x4925</run_address>
         <size>0x6d</size>
         <input_file_ref idref="fl-53"/>
      </object_component>
      <object_component id="oc-14f">
         <name>.debug_frame</name>
         <load_address>0x4992</load_address>
         <run_address>0x4992</run_address>
         <size>0x43</size>
         <input_file_ref idref="fl-54"/>
      </object_component>
      <object_component id="oc-1b">
         <name>.debug_line</name>
         <load_address>0x0</load_address>
         <run_address>0x0</run_address>
         <size>0x488</size>
         <input_file_ref idref="fl-4"/>
      </object_component>
      <object_component id="oc-20">
         <name>.debug_line</name>
         <load_address>0x488</load_address>
         <run_address>0x488</run_address>
         <size>0x4c</size>
         <input_file_ref idref="fl-5"/>
      </object_component>
      <object_component id="oc-25">
         <name>.debug_line</name>
         <load_address>0x4d4</load_address>
         <run_address>0x4d4</run_address>
         <size>0x778</size>
         <input_file_ref idref="fl-6"/>
      </object_component>
      <object_component id="oc-2a">
         <name>.debug_line</name>
         <load_address>0xc4c</load_address>
         <run_address>0xc4c</run_address>
         <size>0x4e</size>
         <input_file_ref idref="fl-7"/>
      </object_component>
      <object_component id="oc-30">
         <name>.debug_line</name>
         <load_address>0xc9a</load_address>
         <run_address>0xc9a</run_address>
         <size>0x7e</size>
         <input_file_ref idref="fl-8"/>
      </object_component>
      <object_component id="oc-36">
         <name>.debug_line</name>
         <load_address>0xd18</load_address>
         <run_address>0xd18</run_address>
         <size>0x16f</size>
         <input_file_ref idref="fl-9"/>
      </object_component>
      <object_component id="oc-3b">
         <name>.debug_line</name>
         <load_address>0xe87</load_address>
         <run_address>0xe87</run_address>
         <size>0x244</size>
         <input_file_ref idref="fl-a"/>
      </object_component>
      <object_component id="oc-40">
         <name>.debug_line</name>
         <load_address>0x10cb</load_address>
         <run_address>0x10cb</run_address>
         <size>0x369</size>
         <input_file_ref idref="fl-b"/>
      </object_component>
      <object_component id="oc-45">
         <name>.debug_line</name>
         <load_address>0x1434</load_address>
         <run_address>0x1434</run_address>
         <size>0xed</size>
         <input_file_ref idref="fl-c"/>
      </object_component>
      <object_component id="oc-4b">
         <name>.debug_line</name>
         <load_address>0x1521</load_address>
         <run_address>0x1521</run_address>
         <size>0x3ca</size>
         <input_file_ref idref="fl-d"/>
      </object_component>
      <object_component id="oc-50">
         <name>.debug_line</name>
         <load_address>0x18eb</load_address>
         <run_address>0x18eb</run_address>
         <size>0x25c</size>
         <input_file_ref idref="fl-e"/>
      </object_component>
      <object_component id="oc-55">
         <name>.debug_line</name>
         <load_address>0x1b47</load_address>
         <run_address>0x1b47</run_address>
         <size>0xcfa</size>
         <input_file_ref idref="fl-f"/>
      </object_component>
      <object_component id="oc-5a">
         <name>.debug_line</name>
         <load_address>0x2841</load_address>
         <run_address>0x2841</run_address>
         <size>0x11f</size>
         <input_file_ref idref="fl-10"/>
      </object_component>
      <object_component id="oc-5f">
         <name>.debug_line</name>
         <load_address>0x2960</load_address>
         <run_address>0x2960</run_address>
         <size>0x69</size>
         <input_file_ref idref="fl-11"/>
      </object_component>
      <object_component id="oc-64">
         <name>.debug_line</name>
         <load_address>0x29c9</load_address>
         <run_address>0x29c9</run_address>
         <size>0x79e</size>
         <input_file_ref idref="fl-12"/>
      </object_component>
      <object_component id="oc-69">
         <name>.debug_line</name>
         <load_address>0x3167</load_address>
         <run_address>0x3167</run_address>
         <size>0x520</size>
         <input_file_ref idref="fl-13"/>
      </object_component>
      <object_component id="oc-6e">
         <name>.debug_line</name>
         <load_address>0x3687</load_address>
         <run_address>0x3687</run_address>
         <size>0x139</size>
         <input_file_ref idref="fl-14"/>
      </object_component>
      <object_component id="oc-73">
         <name>.debug_line</name>
         <load_address>0x37c0</load_address>
         <run_address>0x37c0</run_address>
         <size>0x1a9</size>
         <input_file_ref idref="fl-15"/>
      </object_component>
      <object_component id="oc-78">
         <name>.debug_line</name>
         <load_address>0x3969</load_address>
         <run_address>0x3969</run_address>
         <size>0x10d</size>
         <input_file_ref idref="fl-16"/>
      </object_component>
      <object_component id="oc-7d">
         <name>.debug_line</name>
         <load_address>0x3a76</load_address>
         <run_address>0x3a76</run_address>
         <size>0x32e</size>
         <input_file_ref idref="fl-17"/>
      </object_component>
      <object_component id="oc-82">
         <name>.debug_line</name>
         <load_address>0x3da4</load_address>
         <run_address>0x3da4</run_address>
         <size>0x3e6</size>
         <input_file_ref idref="fl-18"/>
      </object_component>
      <object_component id="oc-87">
         <name>.debug_line</name>
         <load_address>0x418a</load_address>
         <run_address>0x418a</run_address>
         <size>0x258</size>
         <input_file_ref idref="fl-19"/>
      </object_component>
      <object_component id="oc-8c">
         <name>.debug_line</name>
         <load_address>0x43e2</load_address>
         <run_address>0x43e2</run_address>
         <size>0x55</size>
         <input_file_ref idref="fl-1a"/>
      </object_component>
      <object_component id="oc-91">
         <name>.debug_line</name>
         <load_address>0x4437</load_address>
         <run_address>0x4437</run_address>
         <size>0xe7</size>
         <input_file_ref idref="fl-1b"/>
      </object_component>
      <object_component id="oc-98">
         <name>.debug_line</name>
         <load_address>0x451e</load_address>
         <run_address>0x451e</run_address>
         <size>0x2c3</size>
         <input_file_ref idref="fl-1c"/>
      </object_component>
      <object_component id="oc-9d">
         <name>.debug_line</name>
         <load_address>0x47e1</load_address>
         <run_address>0x47e1</run_address>
         <size>0xa4</size>
         <input_file_ref idref="fl-1d"/>
      </object_component>
      <object_component id="oc-a2">
         <name>.debug_line</name>
         <load_address>0x4885</load_address>
         <run_address>0x4885</run_address>
         <size>0x23b</size>
         <input_file_ref idref="fl-1e"/>
      </object_component>
      <object_component id="oc-a7">
         <name>.debug_line</name>
         <load_address>0x4ac0</load_address>
         <run_address>0x4ac0</run_address>
         <size>0x4b6</size>
         <input_file_ref idref="fl-1f"/>
      </object_component>
      <object_component id="oc-ac">
         <name>.debug_line</name>
         <load_address>0x4f76</load_address>
         <run_address>0x4f76</run_address>
         <size>0x62</size>
         <input_file_ref idref="fl-20"/>
      </object_component>
      <object_component id="oc-b1">
         <name>.debug_line</name>
         <load_address>0x4fd8</load_address>
         <run_address>0x4fd8</run_address>
         <size>0x5a</size>
         <input_file_ref idref="fl-21"/>
      </object_component>
      <object_component id="oc-b6">
         <name>.debug_line</name>
         <load_address>0x5032</load_address>
         <run_address>0x5032</run_address>
         <size>0x106</size>
         <input_file_ref idref="fl-22"/>
      </object_component>
      <object_component id="oc-be">
         <name>.debug_line</name>
         <load_address>0x5138</load_address>
         <run_address>0x5138</run_address>
         <size>0x300</size>
         <input_file_ref idref="fl-23"/>
      </object_component>
      <object_component id="oc-c3">
         <name>.debug_line</name>
         <load_address>0x5438</load_address>
         <run_address>0x5438</run_address>
         <size>0x57</size>
         <input_file_ref idref="fl-24"/>
      </object_component>
      <object_component id="oc-c8">
         <name>.debug_line</name>
         <load_address>0x548f</load_address>
         <run_address>0x548f</run_address>
         <size>0xe1</size>
         <input_file_ref idref="fl-25"/>
      </object_component>
      <object_component id="oc-cd">
         <name>.debug_line</name>
         <load_address>0x5570</load_address>
         <run_address>0x5570</run_address>
         <size>0x89</size>
         <input_file_ref idref="fl-26"/>
      </object_component>
      <object_component id="oc-d2">
         <name>.debug_line</name>
         <load_address>0x55f9</load_address>
         <run_address>0x55f9</run_address>
         <size>0x52</size>
         <input_file_ref idref="fl-27"/>
      </object_component>
      <object_component id="oc-d7">
         <name>.debug_line</name>
         <load_address>0x564b</load_address>
         <run_address>0x564b</run_address>
         <size>0x3c</size>
         <input_file_ref idref="fl-28"/>
      </object_component>
      <object_component id="oc-dc">
         <name>.debug_line</name>
         <load_address>0x5687</load_address>
         <run_address>0x5687</run_address>
         <size>0x53</size>
         <input_file_ref idref="fl-29"/>
      </object_component>
      <object_component id="oc-e1">
         <name>.debug_line</name>
         <load_address>0x56da</load_address>
         <run_address>0x56da</run_address>
         <size>0x52</size>
         <input_file_ref idref="fl-2a"/>
      </object_component>
      <object_component id="oc-e6">
         <name>.debug_line</name>
         <load_address>0x572c</load_address>
         <run_address>0x572c</run_address>
         <size>0x139</size>
         <input_file_ref idref="fl-2b"/>
      </object_component>
      <object_component id="oc-eb">
         <name>.debug_line</name>
         <load_address>0x5865</load_address>
         <run_address>0x5865</run_address>
         <size>0x65</size>
         <input_file_ref idref="fl-2c"/>
      </object_component>
      <object_component id="oc-f0">
         <name>.debug_line</name>
         <load_address>0x58ca</load_address>
         <run_address>0x58ca</run_address>
         <size>0x5f</size>
         <input_file_ref idref="fl-2d"/>
      </object_component>
      <object_component id="oc-f7">
         <name>.debug_line</name>
         <load_address>0x5929</load_address>
         <run_address>0x5929</run_address>
         <size>0x9b2</size>
         <input_file_ref idref="fl-2e"/>
      </object_component>
      <object_component id="oc-fc">
         <name>.debug_line</name>
         <load_address>0x62db</load_address>
         <run_address>0x62db</run_address>
         <size>0x26d</size>
         <input_file_ref idref="fl-2f"/>
      </object_component>
      <object_component id="oc-101">
         <name>.debug_line</name>
         <load_address>0x6548</load_address>
         <run_address>0x6548</run_address>
         <size>0x9f</size>
         <input_file_ref idref="fl-30"/>
      </object_component>
      <object_component id="oc-108">
         <name>.debug_line</name>
         <load_address>0x65e7</load_address>
         <run_address>0x65e7</run_address>
         <size>0x428</size>
         <input_file_ref idref="fl-31"/>
      </object_component>
      <object_component id="oc-10d">
         <name>.debug_line</name>
         <load_address>0x6a0f</load_address>
         <run_address>0x6a0f</run_address>
         <size>0x453</size>
         <input_file_ref idref="fl-32"/>
      </object_component>
      <object_component id="oc-114">
         <name>.debug_line</name>
         <load_address>0x6e62</load_address>
         <run_address>0x6e62</run_address>
         <size>0x32a</size>
         <input_file_ref idref="fl-33"/>
      </object_component>
      <object_component id="oc-119">
         <name>.debug_line</name>
         <load_address>0x718c</load_address>
         <run_address>0x718c</run_address>
         <size>0x80</size>
         <input_file_ref idref="fl-3b"/>
      </object_component>
      <object_component id="oc-11d">
         <name>.debug_line</name>
         <load_address>0x720c</load_address>
         <run_address>0x720c</run_address>
         <size>0x88</size>
         <input_file_ref idref="fl-3c"/>
      </object_component>
      <object_component id="oc-121">
         <name>.debug_line</name>
         <load_address>0x7294</load_address>
         <run_address>0x7294</run_address>
         <size>0x7a</size>
         <input_file_ref idref="fl-3d"/>
      </object_component>
      <object_component id="oc-125">
         <name>.debug_line</name>
         <load_address>0x730e</load_address>
         <run_address>0x730e</run_address>
         <size>0x88</size>
         <input_file_ref idref="fl-3e"/>
      </object_component>
      <object_component id="oc-12b">
         <name>.debug_line</name>
         <load_address>0x7396</load_address>
         <run_address>0x7396</run_address>
         <size>0x7e</size>
         <input_file_ref idref="fl-4d"/>
      </object_component>
      <object_component id="oc-130">
         <name>.debug_line</name>
         <load_address>0x7414</load_address>
         <run_address>0x7414</run_address>
         <size>0x50</size>
         <input_file_ref idref="fl-4e"/>
      </object_component>
      <object_component id="oc-137">
         <name>.debug_line</name>
         <load_address>0x7464</load_address>
         <run_address>0x7464</run_address>
         <size>0x65</size>
         <input_file_ref idref="fl-4f"/>
      </object_component>
      <object_component id="oc-13c">
         <name>.debug_line</name>
         <load_address>0x74c9</load_address>
         <run_address>0x74c9</run_address>
         <size>0x62</size>
         <input_file_ref idref="fl-50"/>
      </object_component>
      <object_component id="oc-141">
         <name>.debug_line</name>
         <load_address>0x752b</load_address>
         <run_address>0x752b</run_address>
         <size>0x3e</size>
         <input_file_ref idref="fl-51"/>
      </object_component>
      <object_component id="oc-146">
         <name>.debug_line</name>
         <load_address>0x7569</load_address>
         <run_address>0x7569</run_address>
         <size>0x3a</size>
         <input_file_ref idref="fl-52"/>
      </object_component>
      <object_component id="oc-14b">
         <name>.debug_line</name>
         <load_address>0x75a3</load_address>
         <run_address>0x75a3</run_address>
         <size>0x5e</size>
         <input_file_ref idref="fl-53"/>
      </object_component>
      <object_component id="oc-150">
         <name>.debug_line</name>
         <load_address>0x7601</load_address>
         <run_address>0x7601</run_address>
         <size>0x55</size>
         <input_file_ref idref="fl-54"/>
      </object_component>
      <object_component id="oc-1c">
         <name>.debug_abbrev</name>
         <load_address>0x0</load_address>
         <run_address>0x0</run_address>
         <size>0x18a</size>
         <input_file_ref idref="fl-4"/>
      </object_component>
      <object_component id="oc-21">
         <name>.debug_abbrev</name>
         <load_address>0x18a</load_address>
         <run_address>0x18a</run_address>
         <size>0x114</size>
         <input_file_ref idref="fl-5"/>
      </object_component>
      <object_component id="oc-26">
         <name>.debug_abbrev</name>
         <load_address>0x29e</load_address>
         <run_address>0x29e</run_address>
         <size>0x16b</size>
         <input_file_ref idref="fl-6"/>
      </object_component>
      <object_component id="oc-2b">
         <name>.debug_abbrev</name>
         <load_address>0x409</load_address>
         <run_address>0x409</run_address>
         <size>0xee</size>
         <input_file_ref idref="fl-7"/>
      </object_component>
      <object_component id="oc-31">
         <name>.debug_abbrev</name>
[...]
      </symbol>
      <symbol id="sm-453">
         <name>_HAL_enableTimer0Int</name>
         <value>0x3ed7b6</value>
         <object_component_ref idref="oc-185"/>
      </symbol>
      <symbol id="sm-454">
         <name>_HAL_setupTimers</name>
         <value>0x3ed744</value>
         <object_component_ref idref="oc-185"/>
      </symbol>
      <symbol id="sm-471">
         <name>_main</name>
         <value>0x3ed521</value>
         <object_component_ref idref="oc-159"/>
      </symbol>
      <symbol id="sm-472">
         <name>_hal</name>
         <value>0xa540</value>
         <object_component_ref idref="oc-bb"/>
      </symbol>
      <symbol id="sm-473">
         <name>_halHandle</name>
         <value>0xa500</value>
         <object_component_ref idref="oc-bb"/>
      </symbol>
      <symbol id="sm-474">
         <name>_ADC_ISR</name>
         <value>0x8408</value>
         <object_component_ref idref="oc-bc"/>
      </symbol>
      <symbol id="sm-475">
         <name>_MainISR_Usage</name>
         <value>0xa502</value>
         <object_component_ref idref="oc-bb"/>
      </symbol>
      <symbol id="sm-476">
         <name>_MainLoopUsage</name>
         <value>0xa504</value>
         <object_component_ref idref="oc-bb"/>
      </symbol>
      <symbol id="sm-477">
         <name>_PwmsParm</name>
         <value>0xa506</value>
         <object_component_ref idref="oc-bb"/>
      </symbol>
      <symbol id="sm-483">
         <name>_AngelComp_Calc</name>
         <value>0x3edc1e</value>
         <object_component_ref idref="oc-163"/>
      </symbol>
      <symbol id="sm-498">
         <name>_LookupTab_2Dxzy</name>
         <value>0x3ed324</value>
         <object_component_ref idref="oc-18b"/>
      </symbol>
      <symbol id="sm-499">
         <name>_LookupTab_1Dxy</name>
         <value>0x3ed269</value>
         <object_component_ref idref="oc-18b"/>
      </symbol>
      <symbol id="sm-49a">
         <name>_LookupTab_2Dxyz</name>
         <value>0x3ed29f</value>
         <object_component_ref idref="oc-18b"/>
      </symbol>
      <symbol id="sm-4ab">
         <name>_PICalInit</name>
         <value>0x3ed723</value>
         <object_component_ref idref="oc-15e"/>
      </symbol>
      <symbol id="sm-4ac">
         <name>_PICal</name>
         <value>0x3ed67b</value>
         <object_component_ref idref="oc-15e"/>
      </symbol>
      <symbol id="sm-4b8">
         <name>_clarke_calc</name>
         <value>0x3edd02</value>
         <object_component_ref idref="oc-161"/>
      </symbol>
      <symbol id="sm-4cd">
         <name>_ipark_calc</name>
         <value>0x3edb06</value>
         <object_component_ref idref="oc-160"/>
      </symbol>
      <symbol id="sm-4d9">
         <name>_park_calc</name>
         <value>0x3edb80</value>
         <object_component_ref idref="oc-15f"/>
      </symbol>
      <symbol id="sm-500">
         <name>_SVPWMCal</name>
         <value>0x3ed0e5</value>
         <object_component_ref idref="oc-162"/>
      </symbol>
      <symbol id="sm-50e">
         <name>_memCopy</name>
         <value>0x3edd4e</value>
         <object_component_ref idref="oc-16b"/>
      </symbol>
      <symbol id="sm-51a">
         <name>_usDelay</name>
         <value>0x8463</value>
         <object_component_ref idref="oc-ee"/>
      </symbol>
      <symbol id="sm-5c0">
         <name>_MainDrv</name>
         <value>0xa010</value>
         <object_component_ref idref="oc-f5"/>
      </symbol>
      <symbol id="sm-5c1">
         <name>_MonSoft_ReadOne</name>
         <value>0x3e856c</value>
         <object_component_ref idref="oc-15b"/>
      </symbol>
      <symbol id="sm-5c2">
         <name>_MTPA_Tab</name>
         <value>0x3ef422</value>
         <object_component_ref idref="oc-18c"/>
      </symbol>
      <symbol id="sm-5c3">
         <name>_MonSoft_Comm</name>
         <value>0x3e83cf</value>
         <object_component_ref idref="oc-15b"/>
      </symbol>
      <symbol id="sm-5c4">
         <name>_MonSoft_ClrFault</name>
         <value>0x3e863c</value>
         <object_component_ref idref="oc-15b"/>
      </symbol>
      <symbol id="sm-5c5">
         <name>_VCU1_Comm</name>
         <value>0xa056</value>
         <object_component_ref idref="oc-f5"/>
      </symbol>
      <symbol id="sm-5c6">
         <name>_UserConst</name>
         <value>0x3ef1de</value>
         <object_component_ref idref="oc-177"/>
      </symbol>
      <symbol id="sm-5c7">
         <name>_Watch</name>
         <value>0xa0c0</value>
         <object_component_ref idref="oc-f5"/>
      </symbol>
      <symbol id="sm-5c8">
         <name>_PMSM</name>
         <value>0xa2c0</value>
         <object_component_ref idref="oc-f5"/>
      </symbol>
      <symbol id="sm-5c9">
         <name>_SensOffsetCalc</name>
         <value>0x3e82bf</value>
         <object_component_ref idref="oc-15b"/>
      </symbol>
      <symbol id="sm-5ca">
         <name>_MonSoft_ReadAll</name>
         <value>0x3e8530</value>
         <object_component_ref idref="oc-15b"/>
      </symbol>
      <symbol id="sm-5cb">
         <name>_Torq_Tab</name>
         <value>0x3edd8c</value>
         <object_component_ref idref="oc-18a"/>
      </symbol>
      <symbol id="sm-5cc">
         <name>_VCU1_Rx</name>
         <value>0x3e86c0</value>
         <object_component_ref idref="oc-15b"/>
      </symbol>
      <symbol id="sm-5cd">
         <name>_I2C_Msg</name>
         <value>0xa080</value>
         <object_component_ref idref="oc-f5"/>
      </symbol>
      <symbol id="sm-5ce">
         <name>_MotStateUpdate</name>
         <value>0x3e8ae4</value>
         <object_component_ref idref="oc-15b"/>
      </symbol>
      <symbol id="sm-5cf">
         <name>_ParmInit</name>
         <value>0x3e802c</value>
         <object_component_ref idref="oc-15b"/>
      </symbol>
      <symbol id="sm-5d0">
         <name>_Lpf_Calc</name>
         <value>0x3e8b80</value>
         <object_component_ref idref="oc-15b"/>
      </symbol>
      <symbol id="sm-5d1">
         <name>_MainDrvStateflow</name>
         <value>0x3e8d54</value>
         <object_component_ref idref="oc-15b"/>
      </symbol>
      <symbol id="sm-5d2">
         <name>_VCU1_Tx</name>
         <value>0x3e8824</value>
         <object_component_ref idref="oc-15b"/>
      </symbol>
      <symbol id="sm-5d3">
         <name>_MonSoft_Write</name>
         <value>0x3e85a3</value>
         <object_component_ref idref="oc-15b"/>
      </symbol>
      <symbol id="sm-5d4">
         <name>_MonSoft_Watch</name>
         <value>0x3e843d</value>
         <object_component_ref idref="oc-15b"/>
      </symbol>
      <symbol id="sm-5d5">
         <name>_UserParm</name>
         <value>0xa100</value>
         <object_component_ref idref="oc-f5"/>
      </symbol>
      <symbol id="sm-5d6">
         <name>_ParmStateflow</name>
         <value>0x3e81b6</value>
         <object_component_ref idref="oc-15b"/>
      </symbol>
      <symbol id="sm-5d7">
         <name>_Watch_Init</name>
         <value>0x3e86b7</value>
         <object_component_ref idref="oc-15b"/>
      </symbol>
      <symbol id="sm-5d8">
         <name>_SensValueCalc</name>
         <value>0x3e8372</value>
         <object_component_ref idref="oc-15b"/>
      </symbol>
      <symbol id="sm-5d9">
         <name>_spdM</name>
         <value>0xa040</value>
         <object_component_ref idref="oc-f5"/>
      </symbol>
      <symbol id="sm-5da">
         <name>_MonSoft</name>
         <value>0xa020</value>
         <object_component_ref idref="oc-f5"/>
      </symbol>
      <symbol id="sm-5db">
         <name>_MTPV_Tab</name>
         <value>0x3ef488</value>
         <object_component_ref idref="oc-18d"/>
      </symbol>
      <symbol id="sm-600">
         <name>_Main_ISR</name>
         <value>0x8000</value>
         <object_component_ref idref="oc-15a"/>
      </symbol>
      <symbol id="sm-601">
         <name>_MotorCmdRouter</name>
         <value>0x3ed3d1</value>
         <object_component_ref idref="oc-173"/>
      </symbol>
      <symbol id="sm-610">
         <name>_MainInit</name>
         <value>0x3ec4c6</value>
         <object_component_ref idref="oc-16e"/>
      </symbol>
      <symbol id="sm-661">
         <name>_Main_Loop</name>
         <value>0x3e8ef3</value>
         <object_component_ref idref="oc-171"/>
      </symbol>
      <symbol id="sm-662">
         <name>_Mot_PassiveDischargeMod</name>
         <value>0x3e9099</value>
         <object_component_ref idref="oc-171"/>
      </symbol>
      <symbol id="sm-663">
         <name>_ParmRefresh</name>
         <value>0x3e9110</value>
         <object_component_ref idref="oc-171"/>
      </symbol>
      <symbol id="sm-664">
         <name>_Mot_Ctrl</name>
         <value>0x3e8f1a</value>
         <object_component_ref idref="oc-171"/>
      </symbol>
      <symbol id="sm-665">
         <name>_Mot_SpeedMod</name>
         <value>0x3e9061</value>
         <object_component_ref idref="oc-171"/>
      </symbol>
      <symbol id="sm-666">
         <name>_Mot_TorqeMod</name>
         <value>0x3e8fb3</value>
         <object_component_ref idref="oc-171"/>
      </symbol>
      <symbol id="sm-667">
         <name>_Mot_ZeroTorqueMod</name>
         <value>0x3e8fad</value>
         <object_component_ref idref="oc-171"/>
      </symbol>
      <symbol id="sm-668">
         <name>_Mot_ActiveDischargeMod</name>
         <value>0x3e90b4</value>
         <object_component_ref idref="oc-171"/>
      </symbol>
      <symbol id="sm-669">
         <name>_Mot_PositionMod</name>
         <value>0x3e9093</value>
         <object_component_ref idref="oc-171"/>
      </symbol>
      <symbol id="sm-66a">
         <name>_LEDFlash</name>
         <value>0x3e9498</value>
         <object_component_ref idref="oc-171"/>
      </symbol>
      <symbol id="sm-6ae">
         <name>_Main_DNC_ErrChk</name>
         <value>0x3ea1f9</value>
         <object_component_ref idref="oc-175"/>
      </symbol>
      <symbol id="sm-6af">
         <name>_PosSensorErrChk</name>
         <value>0x3ea045</value>
         <object_component_ref idref="oc-175"/>
      </symbol>
      <symbol id="sm-6b0">
         <name>_CanBusErrChk</name>
         <value>0x3ea219</value>
         <object_component_ref idref="oc-175"/>
      </symbol>
      <symbol id="sm-6b1">
         <name>_ParErrChk</name>
         <value>0x3ea147</value>
         <object_component_ref idref="oc-175"/>
      </symbol>
      <symbol id="sm-6b2">
         <name>_DcOverVolt3ErrChk</name>
         <value>0x3e9ce0</value>
         <object_component_ref idref="oc-175"/>
      </symbol>
      <symbol id="sm-6b3">
         <name>_DcUnderVoltErrChk</name>
         <value>0x3e9db0</value>
         <object_component_ref idref="oc-175"/>
      </symbol>
      <symbol id="sm-6b4">
         <name>_PreChargeErrChk</name>
         <value>0x3ea209</value>
         <object_component_ref idref="oc-175"/>
      </symbol>
      <symbol id="sm-6b5">
         <name>_AcOverCur2ErrChk</name>
         <value>0x3e9c3f</value>
         <object_component_ref idref="oc-175"/>
      </symbol>
      <symbol id="sm-6b6">
         <name>_OverSpeed2ErrChk</name>
         <value>0x3ea01d</value>
         <object_component_ref idref="oc-175"/>
      </symbol>
      <symbol id="sm-6b7">
         <name>_MotOverTempErrChk</name>
         <value>0x3e9e73</value>
         <object_component_ref idref="oc-175"/>
      </symbol>
      <symbol id="sm-6b8">
         <name>_LogicPowerErrChk</name>
         <value>0x3ea0df</value>
         <object_component_ref idref="oc-175"/>
      </symbol>
      <symbol id="sm-6b9">
         <name>_MotStallErrChk</name>
         <value>0x3ea062</value>
         <object_component_ref idref="oc-175"/>
      </symbol>
      <symbol id="sm-6ba">
         <name>_FaultChkFast</name>
         <value>0x3e9c36</value>
         <object_component_ref idref="oc-175"/>
      </symbol>
      <symbol id="sm-6bb">
         <name>_FaultChkSlow</name>
         <value>0x3e9bc5</value>
         <object_component_ref idref="oc-175"/>
      </symbol>
      <symbol id="sm-6bc">
         <name>_MsgLostErrChk</name>
         <value>0x3ea1d6</value>
         <object_component_ref idref="oc-175"/>
      </symbol>
      <symbol id="sm-6bd">
         <name>_AcOverCur1ErrChk</name>
         <value>0x3e9c5e</value>
         <object_component_ref idref="oc-175"/>
      </symbol>
      <symbol id="sm-6be">
         <name>_MotTempSensorErrChk</name>
         <value>0x3ea162</value>
         <object_component_ref idref="oc-175"/>
      </symbol>
      <symbol id="sm-6bf">
         <name>_PhaseBrkErrChk</name>
         <value>0x3ea142</value>
         <object_component_ref idref="oc-175"/>
      </symbol>
      <symbol id="sm-6c0">
         <name>_InvOverTempErrChk</name>
         <value>0x3e9f28</value>
         <object_component_ref idref="oc-175"/>
      </symbol>
      <symbol id="sm-6c1">
         <name>_InvTempSensorErrChk</name>
         <value>0x3ea19c</value>
         <object_component_ref idref="oc-175"/>
      </symbol>
      <symbol id="sm-6c2">
         <name>_DcOverVolt21ErrChk</name>
         <value>0x3e9d01</value>
         <object_component_ref idref="oc-175"/>
      </symbol>
      <symbol id="sm-6c3">
         <name>_OverSpeed1ErrChk</name>
         <value>0x3e9fdd</value>
         <object_component_ref idref="oc-175"/>
      </symbol>
      <symbol id="sm-6c4">
         <name>_PwrMdlErrChk</name>
         <value>0x3ea108</value>
         <object_component_ref idref="oc-175"/>
      </symbol>
      <symbol id="sm-6c5">
         <name>_DcOverCur1ErrChk</name>
         <value>0x3e9c9f</value>
         <object_component_ref idref="oc-175"/>
      </symbol>
      <symbol id="sm-6c6">
         <name>_CurSensorErrChk</name>
         <value>0x3ea067</value>
         <object_component_ref idref="oc-175"/>
      </symbol>
      <symbol id="sm-711">
         <name>_DrvStusSamp</name>
         <value>0x3ea868</value>
         <object_component_ref idref="oc-174"/>
      </symbol>
      <symbol id="sm-712">
         <name>_InvTempSamp</name>
         <value>0x3ea9a0</value>
         <object_component_ref idref="oc-174"/>
      </symbol>
      <symbol id="sm-713">
         <name>_MotTempSamp</name>
         <value>0x3ea89d</value>
         <object_component_ref idref="oc-174"/>
      </symbol>
      <symbol id="sm-714">
         <name>_VoltsSampISR</name>
         <value>0x3ea743</value>
         <object_component_ref idref="oc-174"/>
      </symbol>
      <symbol id="sm-715">
         <name>_KSI_Samp</name>
         <value>0x3ea7f8</value>
         <object_component_ref idref="oc-174"/>
      </symbol>
      <symbol id="sm-716">
         <name>_PosSensorErrSamp</name>
         <value>0x3ea80a</value>
         <object_component_ref idref="oc-174"/>
      </symbol>
      <symbol id="sm-717">
         <name>_PwrMdlErrSamp</name>
         <value>0x3ea819</value>
         <object_component_ref idref="oc-174"/>
      </symbol>
      <symbol id="sm-718">
         <name>_SignalSamp</name>
         <value>0x3ea6d1</value>
         <object_component_ref idref="oc-174"/>
      </symbol>
      <symbol id="sm-719">
         <name>_VoltsSampLoop</name>
         <value>0x3ea6e0</value>
         <object_component_ref idref="oc-174"/>
      </symbol>
      <symbol id="sm-721">
         <name>_sqrt</name>
         <value>0x3edcc3</value>
         <object_component_ref idref="oc-117"/>
      </symbol>
      <symbol id="sm-729">
         <name>_sin</name>
         <value>0x3edbea</value>
         <object_component_ref idref="oc-11b"/>
      </symbol>
      <symbol id="sm-731">
         <name>FS$$DIV</name>
         <value>0x3edd35</value>
         <object_component_ref idref="oc-11f"/>
      </symbol>
      <symbol id="sm-739">
         <name>_cos</name>
         <value>0x3edbb6</value>
         <object_component_ref idref="oc-123"/>
      </symbol>
      <symbol id="sm-741">
         <name>_FPUcosTableEnd</name>
         <value>0x3fdd62</value>
         <object_component_ref idref="oc-127"/>
      </symbol>
      <symbol id="sm-742">
         <name>_FPUatan2TableEnd</name>
         <value>0x3fdeec</value>
         <object_component_ref idref="oc-127"/>
      </symbol>
      <symbol id="sm-743">
         <name>_FPUatan2Table</name>
         <value>0x3fdd66</value>
         <object_component_ref idref="oc-127"/>
      </symbol>
      <symbol id="sm-744">
         <name>_FPUsinTable</name>
         <value>0x3fd860</value>
         <object_component_ref idref="oc-127"/>
      </symbol>
      <symbol id="sm-745">
         <name>_FPUcosTable</name>
         <value>0x3fd960</value>
         <object_component_ref idref="oc-127"/>
      </symbol>
      <symbol id="sm-746">
         <name>_FPUatan2HalfPITable</name>
         <value>0x3fdd62</value>
         <object_component_ref idref="oc-127"/>
      </symbol>
      <symbol id="sm-747">
         <name>_FPUsinTableEnd</name>
         <value>0x3fdc60</value>
         <object_component_ref idref="oc-127"/>
      </symbol>
      <symbol id="sm-762">
         <name>_c_int00</name>
         <value>0x3ed97d</value>
         <object_component_ref idref="oc-18"/>
      </symbol>
      <symbol id="sm-763">
         <name>__stack</name>
         <value>0xa570</value>
         <object_component_ref idref="oc-128"/>
      </symbol>
      <symbol id="sm-772">
         <name>_copy_in</name>
         <value>0x3edc9f</value>
         <object_component_ref idref="oc-154"/>
      </symbol>
      <symbol id="sm-786">
         <name>C$$EXIT</name>
         <value>0x3edc51</value>
         <object_component_ref idref="oc-157"/>
      </symbol>
      <symbol id="sm-787">
         <name>_exit</name>
         <value>0x3edc53</value>
         <object_component_ref idref="oc-157"/>
      </symbol>
      <symbol id="sm-788">
         <name>___TI_cleanup_ptr</name>
         <value>0xa4e8</value>
         <object_component_ref idref="oc-135"/>
      </symbol>
      <symbol id="sm-789">
         <name>___TI_enable_exit_profile_output</name>
         <value>0xa4e6</value>
         <object_component_ref idref="oc-135"/>
      </symbol>
      <symbol id="sm-78a">
         <name>_abort</name>
         <value>0x3edc51</value>
         <object_component_ref idref="oc-157"/>
      </symbol>
      <symbol id="sm-78b">
         <name>___TI_dtors_ptr</name>
         <value>0xa4ea</value>
         <object_component_ref idref="oc-135"/>
      </symbol>
      <symbol id="sm-79c">
         <name>_memcpy</name>
         <value>0x3edce4</value>
         <object_component_ref idref="oc-164"/>
      </symbol>
      <symbol id="sm-7a8">
         <name>__system_pre_init</name>
         <value>0x3edd88</value>
         <object_component_ref idref="oc-153"/>
      </symbol>
      <symbol id="sm-7b4">
         <name>__system_post_cinit</name>
         <value>0x3edd8a</value>
         <object_component_ref idref="oc-155"/>
      </symbol>
      <symbol id="sm-7c8">
         <name>__unlock</name>
         <value>0xa4f2</value>
         <object_component_ref idref="oc-18e"/>
      </symbol>
      <symbol id="sm-7c9">
         <name>__lock</name>
         <value>0xa4f0</value>
         <object_component_ref idref="oc-165"/>
      </symbol>
      <symbol id="sm-7ca">
         <name>__register_lock</name>
         <value>0x3edd7b</value>
         <object_component_ref idref="oc-17a"/>
      </symbol>
      <symbol id="sm-7cb">
         <name>__nop</name>
         <value>0x3edd7f</value>
         <object_component_ref idref="oc-17a"/>
      </symbol>
      <symbol id="sm-7cc">
         <name>__register_unlock</name>
         <value>0x3edd77</value>
         <object_component_ref idref="oc-17a"/>
      </symbol>
      <symbol id="sm-7db">
         <name>__args_main</name>
         <value>0x3edd1c</value>
         <object_component_ref idref="oc-156"/>
      </symbol>
   </symbol_table>
   <title>Link successful</title>
</link_info>
